src/screens/auth/OTPScreen.tsx(49,34): error TS2749: 'TextInput' refers to a value, but is being used as a type here. Did you mean 'typeof TextInput'?
src/screens/auth/OTPScreen.tsx(55,18): error TS2345: Argument of type '(prev: 60) => number' is not assignable to parameter of type 'SetStateAction<60>'.
  Type '(prev: 60) => number' is not assignable to type '(prevState: 60) => 60'.
    Type 'number' is not assignable to type '60'.
src/screens/auth/OTPScreen.tsx(300,17): error TS2322: Type '{ key: number; ref: (ref: any) => void; style: any[]; value: any; onChangeText: (value: string) => void; onKeyPress: ({ nativeEvent: { key } }: TextInputKeyPressEvent) => void; keyboardType: "number-pad"; ... 4 more ...; onSubmitEditing: (() => Promise<...>) | undefined; }' is not assignable to type 'IntrinsicAttributes & TextInputProps'.
  Property 'ref' does not exist on type 'IntrinsicAttributes & TextInputProps'.
src/screens/auth/OTPScreen.tsx(300,23): error TS7006: Parameter 'ref' implicitly has an 'any' type.
src/screens/family/FamilyMemberSettingsScreen.tsx(188,20): error TS2339: Property 'photoUrl' does not exist on type 'User'.
src/screens/family/FamilyMemberSettingsScreen.tsx(189,42): error TS2339: Property 'photoUrl' does not exist on type 'User'.
src/screens/family/FamilyMemberSettingsScreen.tsx(197,20): error TS2551: Property 'firstName' does not exist on type 'User'. Did you mean 'firstname'?
src/screens/family/FamilyMemberSettingsScreen.tsx(197,38): error TS2551: Property 'lastName' does not exist on type 'User'. Did you mean 'lastname'?
src/screens/security/QRScannerScreen.tsx(39,46): error TS2353: Object literal may only specify known properties, and 'qrCode' does not exist in type '{ tokenId: string; }'.
src/screens/security/QRScannerScreen.tsx(44,20): error TS2339: Property 'name' does not exist on type 'void'.
src/screens/security/QRScannerScreen.tsx(44,64): error TS2339: Property 'type' does not exist on type 'void'.
src/screens/security/QRScannerScreen.tsx(44,121): error TS2339: Property 'residentName' does not exist on type 'void'.
src/screens/security/QRScannerScreen.tsx(80,46): error TS2353: Object literal may only specify known properties, and 'entryToken' does not exist in type '{ tokenId: string; }'.
src/screens/security/QRScannerScreen.tsx(85,20): error TS2339: Property 'name' does not exist on type 'void'.
src/screens/security/QRScannerScreen.tsx(85,64): error TS2339: Property 'type' does not exist on type 'void'.
src/screens/security/QRScannerScreen.tsx(85,121): error TS2339: Property 'residentName' does not exist on type 'void'.
src/store/api/complaintsApi.ts(106,22): error TS2322: Type '"Complaints"' is not assignable to type 'TagDescription<"Visitors" | "Maintenance" | "Payments" | "Amenities" | "Bookings" | "Notifications" | "User" | "FamilyMembers" | "DomesticStaff" | "Emergencies" | "Resident" | "EstateVendors"> | null | undefined'.
